=== correctness gate (once) ===
  grad autograd vs FD           relerr = 5.94e-11
  eager Hessian vs FD           relerr = 6.14e-08
  compile vs eager Hessian      relerr = 1.74e-16
  cuda_graphs vs eager Hessian  relerr = 1.74e-16
  => PASS
=== IndexedSum n=10 ===
   10       100       261 eager             12.653     11.887     1.206      0.20    1.00x
   10       100       261 compile            2.522      1.089     1.298      2.69    5.02x
   10       100       261 cuda_graphs        2.589      1.174     1.240      1.50    4.89x
   10                     pytorch_dense      9.262 ms
=== IndexedSum n=100 ===
  100     10000     29601 eager             13.342     11.203     1.259      0.21    1.00x
  100     10000     29601 compile            2.516      1.096     1.274      2.74    5.30x
  100     10000     29601 cuda_graphs        2.555      1.127     1.277      1.46    5.22x
  100                     pytorch_dense OOM
=== IndexedSum n=500 ===
  500    250000    748001 eager             12.318     10.939     1.271      0.22    1.00x
  500    250000    748001 compile            7.309      6.459     1.293      6.21    1.69x
  500    250000    748001 cuda_graphs        7.625      6.777     1.293      2.30    1.62x
  500                     pytorch_dense OOM
=== IndexedSum n=1000 ===
 1000   1000000   2996001 eager             50.933     47.135     3.803      0.23    1.00x
 1000   1000000   2996001 compile           30.484     26.628     3.845      6.25    1.67x
 1000   1000000   2996001 cuda_graphs       31.943     27.967     3.883      2.33    1.59x
 1000                     pytorch_dense OOM
=== FINAL CSV ===
n,dtype,variant,nV,nE,nF,ms,hess_ms,grad_ms,warmup_s,speedup_vs_eager,oom
10,f32,eager,100,261,162,12.653195190429688,11.887483215332031,1.2057855606079102,0.1988318283110857,1.0,
10,f32,compile,100,261,162,2.521980857849121,1.0893360137939454,1.2982080459594727,2.6935339085757732,5.017165436069567,
10,f32,cuda_graphs,100,261,162,2.5893056869506834,1.1735983848571778,1.2396783828735352,1.4970666076987982,4.886713551898472,
10,f32,pytorch_dense,,,,9.261727905273437,,,0.04303184896707535,,False
100,f32,eager,10000,29601,19602,13.342312622070313,11.202843475341798,1.2594944000244142,0.2088140733540058,1.0,
100,f32,compile,10000,29601,19602,2.5162399291992186,1.0959152221679687,1.273641586303711,2.7390502262860537,5.302480287051339,
100,f32,cuda_graphs,10000,29601,19602,2.554756736755371,1.1266608238220215,1.2765151977539062,1.4593759179115295,5.222537406444227,
100,f32,pytorch_dense,,,,nan,,,nan,,True
500,f32,eager,250000,748001,498002,12.318163299560547,10.939227294921874,1.2711263656616212,0.22324756905436516,1.0,
500,f32,compile,250000,748001,498002,7.309088134765625,6.45948486328125,1.2930992126464844,6.212510539218783,1.685321489142988,
500,f32,cuda_graphs,250000,748001,498002,7.6251983642578125,6.776719665527343,1.2929759979248048,2.3016346730291843,1.615454800140077,
500,f32,pytorch_dense,,,,nan,,,nan,,True
1000,f32,eager,1000000,2996001,1996002,50.933493041992186,47.135195922851565,3.8028560638427735,0.22873679175972939,1.0,
1000,f32,compile,1000000,2996001,1996002,30.484329223632812,26.627890014648436,3.84456787109375,6.251130752265453,1.6708090464561138,
1000,f32,cuda_graphs,1000000,2996001,1996002,31.942584228515624,27.966592407226564,3.882574462890625,2.334755413234234,1.5945326363583034,
1000,f32,pytorch_dense,,,,nan,,,nan,,True
