   10       100       261 eager             12.041     10.860     1.166      0.21    1.00x
   10       100       261 compile            2.371      1.069     1.166      2.65    5.08x
   10       100       261 cuda_graphs        2.411      1.123     1.170      1.43    4.99x
   10       100       261 compile+cache      2.048      0.737     1.163      1.26    5.88x
   10       100       261 cuda_graphs+cache      2.059      0.774     1.163      1.55    5.85x
  100     10000     29601 eager             12.630     11.141     1.346      0.21    1.00x
  100     10000     29601 compile            2.609      1.161     1.332      2.83    4.84x
  100     10000     29601 cuda_graphs        2.573      1.132     1.282      1.52    4.91x
  100     10000     29601 compile+cache      2.175      0.757     1.278      1.28    5.81x
  100     10000     29601 cuda_graphs+cache      2.226      0.807     1.287      1.45    5.67x
  500    250000    748001 eager             12.401     10.967     1.264      0.22    1.00x
  500    250000    748001 compile            7.201      6.336     1.289      2.60    1.72x
  500    250000    748001 cuda_graphs        7.603      6.764     1.295      1.45    1.63x
  500    250000    748001 compile+cache      5.147      4.314     1.285      1.26    2.41x
  500    250000    748001 cuda_graphs+cache      5.563      4.705     1.306      1.53    2.23x
 1000   1000000   2996001 eager             50.945     47.126     3.798      0.23    1.00x
 1000   1000000   2996001 compile           30.498     26.607     3.878      2.60    1.67x
 1000   1000000   2996001 cuda_graphs       31.913     28.000     3.807      1.41    1.60x
 1000   1000000   2996001 compile+cache     21.770     17.794     3.876      1.27    2.34x
 1000   1000000   2996001 cuda_graphs+cache     23.131     19.193     3.803      1.40    2.20x
