###### MASS-SPRING (dense_gradient) ######
   10       100       261 eager             14.322     11.869     2.865      0.18    1.00x
   10       100       261 compile            2.054      1.087     0.901      4.73    6.97x
   10       100       261 cuda_graphs        2.184      1.120     1.145      3.00    6.56x
   10       100       261 compile+cache      1.536      0.755     0.761      2.20    9.32x
   10       100       261 cuda_graphs+cache      1.688      0.789     0.888      2.38    8.48x
  100     10000     29601 eager             13.792     10.931     2.671      0.17    1.00x
  100     10000     29601 compile            2.060      1.099     0.906      4.87    6.69x
  100     10000     29601 cuda_graphs        2.205      1.127     1.038      2.81    6.25x
  100     10000     29601 compile+cache      1.556      0.764     0.769      2.17    8.86x
  100     10000     29601 cuda_graphs+cache      1.703      0.797     0.895      2.37    8.10x
  500    250000    748001 eager             13.742     10.954     2.614      0.18    1.00x
  500    250000    748001 compile            6.699      6.435     0.900      4.99    2.05x
  500    250000    748001 cuda_graphs        7.115      6.703     1.034      2.77    1.93x
  500    250000    748001 compile+cache      4.606      4.310     0.761      2.17    2.98x
  500    250000    748001 cuda_graphs+cache      5.003      4.642     0.923      2.46    2.75x
 1000   1000000   2996001 eager             49.604     47.133     2.683      0.22    1.00x
 1000   1000000   2996001 compile           27.965     26.641     1.346      3.47    1.77x
 1000   1000000   2996001 cuda_graphs       29.758     27.978     1.734      2.30    1.67x
 1000   1000000   2996001 compile+cache     18.779     17.787     0.959      2.36    2.64x
 1000   1000000   2996001 cuda_graphs+cache     20.587     19.191     1.397      2.29    2.41x
###### PARAM (dense_gradient) ######
   100     10000     19602 eager                  10.106      7.666      0.06    1.00x
   100     10000     19602 compile                 1.044      0.583      4.31    9.68x
   100     10000     19602 cuda_graphs             0.819      0.434      2.98   12.34x
   100     10000     19602 compile+cache           0.875      0.467      2.47   11.55x
   100     10000     19602 cuda_graphs+cache       0.642      0.318      2.31   15.74x
   500    250000    498002 eager                  14.821     13.495      0.11    1.00x
   500    250000    498002 compile                 6.736      5.939      4.26    2.20x
   500    250000    498002 cuda_graphs             6.893      6.060      2.86    2.15x
   500    250000    498002 compile+cache           5.482      4.694      2.49    2.70x
   500    250000    498002 cuda_graphs+cache       5.612      4.810      2.25    2.64x
  1000   1000000   1996002 eager                  80.234     74.048      0.12    1.00x
  1000   1000000   1996002 compile                30.544     26.175      4.33    2.63x
  1000   1000000   1996002 cuda_graphs            31.716     27.080      2.89    2.53x
  1000   1000000   1996002 compile+cache          25.182     21.084      2.47    3.19x
  1000   1000000   1996002 cuda_graphs+cache      26.357     22.032      2.26    3.04x
###### MANIOPT (dense_gradient) ######
eager                  33.326     27.197      0.04    1.00x
compile                 1.451      0.881     11.73   22.97x
cuda_graphs             0.939      0.513      9.16   35.51x
compile+cache           1.279      0.747      7.36   26.06x
cuda_graphs+cache       0.741      0.389      7.34   44.94x
###### DONE ######
